// Vitest Snapshot v1, https://vitest.dev/guide/snapshot.html

exports[`manager/commodore/index > extractPackageFile() > extracts standard images 1`] = `
[
  {
    "autoReplaceStringTemplate": "{{newValue}}{{#if newDigest}}@{{newDigest}}{{/if}}",
    "currentDigest": undefined,
    "currentValue": "1.21.2",
    "datasource": "docker",
    "depName": "quay.io/bitnami/kubectl",
    "packageName": "quay.io/bitnami/kubectl",
    "replaceString": "1.21.2",
    "versioning": "docker",
  },
  {
    "autoReplaceStringTemplate": "{{newValue}}{{#if newDigest}}@{{newDigest}}{{/if}}",
    "currentDigest": undefined,
    "currentValue": "1.1.2",
    "datasource": "docker",
    "depName": "quay.io/projectsyn/foo",
    "packageName": "quay.io/projectsyn/foo",
    "replaceString": "1.1.2",
    "versioning": "docker",
  },
  {
    "autoReplaceStringTemplate": "{{newValue}}{{#if newDigest}}@{{newDigest}}{{/if}}",
    "currentDigest": undefined,
    "currentValue": "v0.8.0",
    "datasource": "docker",
    "depName": "docker.io/projectsyn/bar",
    "packageName": "docker.io/projectsyn/bar",
    "replaceString": "v0.8.0",
    "versioning": "docker",
  },
  {
    "autoReplaceStringTemplate": "{{newValue}}{{#if newDigest}}@{{newDigest}}{{/if}}",
    "currentDigest": undefined,
    "currentValue": "v0.6.0",
    "datasource": "docker",
    "depName": "docker.io/projectsyn/buzz",
    "packageName": "docker.io/projectsyn/buzz",
    "replaceString": "v0.6.0",
    "versioning": "docker",
  },
]
`;

exports[`manager/commodore/index > extractPackageFile() > returns images for non standard but common formats 1`] = `
[
  {
    "autoReplaceStringTemplate": "{{newValue}}{{#if newDigest}}@{{newDigest}}{{/if}}",
    "currentDigest": "sha256:36468cfc3cdd3877e80b08a68426530a1bcd5a17fe03bfc301e63027ded30272",
    "currentValue": "v0.6.0",
    "datasource": "docker",
    "depName": "docker.io/projectsyn/steward",
    "packageName": "docker.io/projectsyn/steward",
    "replaceString": "v0.6.0@sha256:36468cfc3cdd3877e80b08a68426530a1bcd5a17fe03bfc301e63027ded30272",
    "versioning": "docker",
  },
  {
    "autoReplaceStringTemplate": "{{newValue}}{{#if newDigest}}@{{newDigest}}{{/if}}",
    "currentDigest": "sha256:976dfbfadb817ba59f4f641597a13df7b967cd5a1059c966fa843869c9463348",
    "currentValue": "v2.0.4",
    "datasource": "docker",
    "depName": "quay.io/argoproj/argocd",
    "packageName": "quay.io/argoproj/argocd",
    "replaceString": "v2.0.4@sha256:976dfbfadb817ba59f4f641597a13df7b967cd5a1059c966fa843869c9463348",
    "versioning": "docker",
  },
  {
    "autoReplaceStringTemplate": "{{newValue}}{{#if newDigest}}@{{newDigest}}{{/if}}",
    "currentDigest": undefined,
    "currentValue": "15.0.2",
    "datasource": "docker",
    "depName": "quay.io/keycloak/keycloak",
    "packageName": "quay.io/keycloak/keycloak",
    "replaceString": "15.0.2",
    "versioning": "docker",
  },
  {
    "autoReplaceStringTemplate": "{{newValue}}{{#if newDigest}}@{{newDigest}}{{/if}}",
    "currentDigest": undefined,
    "currentValue": "v0.6.0",
    "datasource": "docker",
    "depName": "docker.io/projectsyn/buzz",
    "packageName": "docker.io/projectsyn/buzz",
    "replaceString": "v0.6.0",
    "versioning": "docker",
  },
]
`;

exports[`manager/commodore/index > extractPackageFile() > returns images that are deeply nested in each other 1`] = `
[
  {
    "autoReplaceStringTemplate": "{{newValue}}{{#if newDigest}}@{{newDigest}}{{/if}}",
    "currentDigest": "sha256:36468cfc3cdd3877e80b08a68426530a1bcd5a17fe03bfc301e63027ded30272",
    "currentValue": "v0.6.0",
    "datasource": "docker",
    "depName": "docker.io/projectsyn/steward",
    "packageName": "docker.io/projectsyn/steward",
    "replaceString": "v0.6.0@sha256:36468cfc3cdd3877e80b08a68426530a1bcd5a17fe03bfc301e63027ded30272",
    "versioning": "docker",
  },
  {
    "autoReplaceStringTemplate": "{{newValue}}{{#if newDigest}}@{{newDigest}}{{/if}}",
    "currentDigest": "sha256:976dfbfadb817ba59f4f641597a13df7b967cd5a1059c966fa843869c9463348",
    "currentValue": "v2.0.4",
    "datasource": "docker",
    "depName": "quay.io/argoproj/argocd",
    "packageName": "quay.io/argoproj/argocd",
    "replaceString": "v2.0.4@sha256:976dfbfadb817ba59f4f641597a13df7b967cd5a1059c966fa843869c9463348",
    "versioning": "docker",
  },
  {
    "autoReplaceStringTemplate": "{{newValue}}{{#if newDigest}}@{{newDigest}}{{/if}}",
    "currentDigest": undefined,
    "currentValue": "15.0.2",
    "datasource": "docker",
    "depName": "quay.io/keycloak/keycloak",
    "packageName": "quay.io/keycloak/keycloak",
    "replaceString": "15.0.2",
    "versioning": "docker",
  },
  {
    "autoReplaceStringTemplate": "{{newValue}}{{#if newDigest}}@{{newDigest}}{{/if}}",
    "currentDigest": undefined,
    "currentValue": "v0.6.0",
    "datasource": "docker",
    "depName": "docker.io/projectsyn/buzz",
    "packageName": "docker.io/projectsyn/buzz",
    "replaceString": "v0.6.0",
    "versioning": "docker",
  },
]
`;

exports[`manager/commodore/index > extractPackageFile() > returns images that are not declared in parameters.<component>.images 1`] = `
[
  {
    "autoReplaceStringTemplate": "{{newValue}}{{#if newDigest}}@{{newDigest}}{{/if}}",
    "currentDigest": "sha256:36468cfc3cdd3877e80b08a68426530a1bcd5a17fe03bfc301e63027ded30272",
    "currentValue": "v0.6.0",
    "datasource": "docker",
    "depName": "docker.io/projectsyn/steward",
    "packageName": "docker.io/projectsyn/steward",
    "replaceString": "v0.6.0@sha256:36468cfc3cdd3877e80b08a68426530a1bcd5a17fe03bfc301e63027ded30272",
    "versioning": "docker",
  },
  {
    "autoReplaceStringTemplate": "{{newValue}}{{#if newDigest}}@{{newDigest}}{{/if}}",
    "currentDigest": "sha256:976dfbfadb817ba59f4f641597a13df7b967cd5a1059c966fa843869c9463348",
    "currentValue": "v2.0.4",
    "datasource": "docker",
    "depName": "quay.io/argoproj/argocd",
    "packageName": "quay.io/argoproj/argocd",
    "replaceString": "v2.0.4@sha256:976dfbfadb817ba59f4f641597a13df7b967cd5a1059c966fa843869c9463348",
    "versioning": "docker",
  },
  {
    "autoReplaceStringTemplate": "{{newValue}}{{#if newDigest}}@{{newDigest}}{{/if}}",
    "currentDigest": undefined,
    "currentValue": "15.0.2",
    "datasource": "docker",
    "depName": "quay.io/keycloak/keycloak",
    "packageName": "quay.io/keycloak/keycloak",
    "replaceString": "15.0.2",
    "versioning": "docker",
  },
  {
    "autoReplaceStringTemplate": "{{newValue}}{{#if newDigest}}@{{newDigest}}{{/if}}",
    "currentDigest": undefined,
    "currentValue": "v0.6.0",
    "datasource": "docker",
    "depName": "docker.io/projectsyn/buzz",
    "packageName": "docker.io/projectsyn/buzz",
    "replaceString": "v0.6.0",
    "versioning": "docker",
  },
]
`;
